Starting a Gradle Daemon, 1 busy and 1 incompatible Daemons could not be reused, use --status for details
> Task :app:preBuild UP-TO-DATE
> Task :app:preDebugBuild UP-TO-DATE
> Task :app:mergeDebugNativeDebugMetadata NO-SOURCE
> Task :app:checkKotlinGradlePluginConfigurationErrors SKIPPED
> Task :app:checkDebugAarMetadata
> Task :app:processDebugNavigationResources
> Task :app:compileDebugNavigationResources UP-TO-DATE
> Task :app:generateDebugResValues UP-TO-DATE
> Task :app:processDebugGoogleServices UP-TO-DATE
> Task :app:mapDebugSourceSetPaths
> Task :app:generateDebugResources
> Task :app:packageDebugResources
> Task :app:createDebugCompatibleScreenManifests UP-TO-DATE
> Task :app:extractDeepLinksDebug UP-TO-DATE
> Task :app:parseDebugLocalResources
> Task :app:mergeDebugResources
> Task :app:processDebugMainManifest
> Task :app:processDebugManifest
> Task :app:javaPreCompileDebug UP-TO-DATE
> Task :app:mergeDebugShaders UP-TO-DATE
> Task :app:compileDebugShaders NO-SOURCE
> Task :app:generateDebugAssets UP-TO-DATE
> Task :app:mergeDebugAssets UP-TO-DATE
> Task :app:compressDebugAssets UP-TO-DATE
> Task :app:desugarDebugFileDependencies UP-TO-DATE
> Task :app:mergeDebugJniLibFolders UP-TO-DATE
> Task :app:mergeDebugNativeLibs UP-TO-DATE
> Task :app:stripDebugDebugSymbols UP-TO-DATE
> Task :app:validateSigningDebug UP-TO-DATE
> Task :app:writeDebugAppMetadata UP-TO-DATE
> Task :app:writeDebugSigningConfigVersions UP-TO-DATE
> Task :app:processDebugManifestForPackage
> Task :app:checkDebugDuplicateClasses
> Task :app:processDebugResources
> Task :app:mergeLibDexDebug UP-TO-DATE
> Task :app:mergeExtDexDebug
> Task :app:compileDebugKotlin
w: file:///C:/Users/HP/AndroidStudioProjects/Studiora/app/src/main/java/com/example/studiora/ui/admin/AdminDashboardScreen.kt:57:26 'val LocalLifecycleOwner: ProvidableCompositionLocal<LifecycleOwner>' is deprecated. Moved to lifecycle-runtime-compose library in androidx.lifecycle.compose package.
w: file:///C:/Users/HP/AndroidStudioProjects/Studiora/app/src/main/java/com/example/studiora/ui/admin/AdminStudentDetailScreen.kt:206:17 'fun Divider(modifier: Modifier = ..., thickness: Dp = ..., color: Color = ...): Unit' is deprecated. Renamed to HorizontalDivider.
w: file:///C:/Users/HP/AndroidStudioProjects/Studiora/app/src/main/java/com/example/studiora/ui/admin/AdminStudentDetailScreen.kt:243:52 'val Icons.Filled.OpenInNew: ImageVector' is deprecated. Use the AutoMirrored version at Icons.AutoMirrored.Filled.OpenInNew.
w: file:///C:/Users/HP/AndroidStudioProjects/Studiora/app/src/main/java/com/example/studiora/ui/student/StudentCoursesScreen.kt:73:40 'val Icons.Filled.MenuBook: ImageVector' is deprecated. Use the AutoMirrored version at Icons.AutoMirrored.Filled.MenuBook.
w: file:///C:/Users/HP/AndroidStudioProjects/Studiora/app/src/main/java/com/example/studiora/ui/student/StudentCoursesScreen.kt:177:40 'val Icons.Filled.MenuBook: ImageVector' is deprecated. Use the AutoMirrored version at Icons.AutoMirrored.Filled.MenuBook.
w: file:///C:/Users/HP/AndroidStudioProjects/Studiora/app/src/main/java/com/example/studiora/ui/student/StudentDashboardScreen.kt:55:26 'val LocalLifecycleOwner: ProvidableCompositionLocal<LifecycleOwner>' is deprecated. Moved to lifecycle-runtime-compose library in androidx.lifecycle.compose package.
w: file:///C:/Users/HP/AndroidStudioProjects/Studiora/app/src/main/java/com/example/studiora/ui/student/StudentDashboardScreen.kt:220:42 'val Icons.Filled.MenuBook: ImageVector' is deprecated. Use the AutoMirrored version at Icons.AutoMirrored.Filled.MenuBook.
w: file:///C:/Users/HP/AndroidStudioProjects/Studiora/app/src/main/java/com/example/studiora/ui/student/StudentDashboardScreen.kt:472:42 'val Icons.Filled.MenuBook: ImageVector' is deprecated. Use the AutoMirrored version at Icons.AutoMirrored.Filled.MenuBook.
w: file:///C:/Users/HP/AndroidStudioProjects/Studiora/app/src/main/java/com/example/studiora/ui/student/StudentMaterialsScreen.kt:135:56 'val Icons.Filled.InsertDriveFile: ImageVector' is deprecated. Use the AutoMirrored version at Icons.AutoMirrored.Filled.InsertDriveFile.
w: file:///C:/Users/HP/AndroidStudioProjects/Studiora/app/src/main/java/com/example/studiora/ui/student/StudentMaterialsScreen.kt:187:40 'val Icons.Filled.OpenInNew: ImageVector' is deprecated. Use the AutoMirrored version at Icons.AutoMirrored.Filled.OpenInNew.
w: file:///C:/Users/HP/AndroidStudioProjects/Studiora/app/src/main/java/com/example/studiora/ui/teacher/TeacherDashboardScreen.kt:55:26 'val LocalLifecycleOwner: ProvidableCompositionLocal<LifecycleOwner>' is deprecated. Moved to lifecycle-runtime-compose library in androidx.lifecycle.compose package.

> Task :app:compileDebugJavaWithJavac NO-SOURCE
> Task :app:processDebugJavaRes
> Task :app:dexBuilderDebug
> Task :app:mergeProjectDexDebug
> Task :app:mergeDebugJavaResource
> Task :app:packageDebug
> Task :app:createDebugApkListingFileRedirect
> Task :app:assembleDebug

BUILD SUCCESSFUL in 2m 24s
37 actionable tasks: 20 executed, 17 up-to-date
